
2023-12-25 14:50:57,178 INFO -- User JLuke edited a product:
Original: Getty - Quantity: 53 - Location: Fyi - ID: Ft
Updated: Gettyfe - Quantity: 53 - Location: Fyi - ID: Ft
2023-12-25 14:51:11,851 INFO -- User JLuke added a product: Chickenscrathcefwe (Quantity: 324)
2023-12-25 14:51:26,372 INFO -- User JLuke deleted Chickenscrathcefwe with quantity: 324  
2023-12-25 14:51:31,172 INFO -- User JLuke deleted Gettyfe with quantity: 53  
2023-12-25 16:24:02,204 INFO -- User JLuke added a product: wfsdfas (Quantity: 324)
2023-12-25 16:24:37,968 INFO -- User JLuke added a product: wfsdfas (Quantity: 324)
2023-12-25 17:01:00,035 INFO -- User JLuke added a product: Hello (Quantity: 34)
2023-12-25 17:02:30,895 INFO -- User Ynot40 added a product: test (Quantity: 34)
2023-12-25 17:20:11,799 INFO -- User Ynot40 added a product: 123 (Quantity: 234)
2023-12-25 17:20:44,689 INFO -- User Ynot40 added a product: 123 (Quantity: 234)
2023-12-25 17:22:58,118 INFO -- User JLuke added a product: LEts fuckoing go (Quantity: 32434)
2023-12-25 17:37:13,735 INFO -- User Ynot40 deleted 123 with quantity: 234  
2023-12-25 17:37:15,436 INFO -- User Ynot40 deleted Hello with quantity: 34  
2023-12-25 17:37:23,503 INFO -- User Ynot40 deleted LEts fuckoing go with quantity: 32434  
2023-12-25 17:37:25,623 INFO -- User Ynot40 deleted test with quantity: 34  
2023-12-25 17:42:58,520 INFO -- User JLuke added a product: SeAKee (Quantity: 333)
2023-12-25 17:44:01,590 INFO -- User Ynot40 added a product: fggsd (Quantity: 324)
2023-12-25 17:50:21,043 INFO -- User JLuke edited a product:
Original: SeAKee - Quantity: 333 - Location: regg - ID: wertrhgrt
Updated: SeAKee - Quantity: 333 - Location: regg - ID: wertrhgrt
2023-12-25 17:58:56,231 INFO -- User JLuke edited a product:
Original: SeAKee - Quantity: 232332 - Location: regg - ID: wertrhgrt - Market Price: 223.24 - Our Price: 250.99
Updated: SeAKee - Quantity: 232332 - Location: regg - ID: wertrhgrt - Market Price: 223.24 - Our Price: 250.99
2023-12-25 18:00:15,662 INFO -- User JLuke edited a product:
Original: SeAKee - Quantity: 232332 - Location: regg - ID: wertrhgrt - Market Price: 1999.99 - Our Price: 250.99
Updated: SeAKee - Quantity: 232332 - Location: regg - ID: wertrhgrt - Market Price: 1999.99 - Our Price: 250.99
2023-12-25 18:01:31,083 INFO -- User JLuke edited a product:
Original: Asking - Quantity: 232332 - Location: Bruh - ID: wertrhgrt - Market Price: 1999.99 - Our Price: 250.99
Updated: Asking - Quantity: 232332 - Location: Bruh - ID: wertrhgrt - Market Price: 1999.99 - Our Price: 250.99
2023-12-25 18:02:58,714 INFO -- User JLuke edited a product:
Original: Tewting - Quantity: 232332 - Location: Okay - ID: wertrhgrt - Market Price: 1999.99 - Our Price: 250.99
Updated: Tewting - Quantity: 232332 - Location: Okay - ID: wertrhgrt - Market Price: 1999.99 - Our Price: 250.99
2023-12-25 18:18:05,274 INFO -- User JLuke edited a product:
Original: None - Quantity: None - Location: None - ID: None - Market Price: None - Our Price: None
Updated: Mewing bruh - Quantity: None - Location: Yup - ID: Alright - Market Price: 198.63 - Our Price: 250.99
2023-12-25 18:22:20,629 INFO -- User JLuke edited a product:
Original: None - Quantity: None - Location: None - ID: None - Market Price: None - Our Price: None
Updated: New - Quantity: 123 - Location: Hmm - ID: Yresafg - Market Price: 145.28 - Our Price: 270.99
2023-12-25 18:28:00,952 INFO -- User JLuke edited a product:
Original:  - Quantity: 0 - Location:  - ID:  - Market Price: 0.0 - Our Price: 0.0
Updated: PJAFEjf - Quantity: 122323 - Location: Oky - ID: Yresafsdgvd - Market Price: 145.34 - Our Price: 2456.67
2023-12-25 18:29:59,262 INFO -- User JLuke edited a product:
Original:  - Quantity: 0 - Location:  - ID:  - Market Price: 0.0 - Our Price: 0.0
Updated: PJAFEjaagdfhdghgh - Quantity: 12232323 - Location: Oksd - ID: Yresafsdgvdadgsrg - Market Price: 145.56 - Our Price: 24.45
2023-12-25 18:30:54,465 INFO -- User JLuke edited a product:
Original:  - Quantity: 0 - Location:  - ID:  - Market Price: 0.0 - Our Price: 0.0
Updated: PJAFEjaagdfgfsg Helgf - Quantity: 12232 - Location: Oksd - ID: Yresafsdgvdadgdfdsfdsfdsfrg - Market Price: 145.56 - Our Price: 24.45
2023-12-25 18:31:33,033 INFO -- User JLuke added a product: Test (Quantity: 1234)
2023-12-25 18:32:11,669 INFO -- User JLuke edited a product:
Original:  - Quantity: 0 - Location:  - ID:  - Market Price: 0.0 - Our Price: 0.0
Updated: Price - Quantity: 1234 - Location: 4321 - ID: Hdello - Market Price: 99.88 - Our Price: 76.67
2023-12-25 18:39:15,928 INFO -- User JLuke added a product: Product (Quantity: 12342)
2023-12-25 18:43:13,089 INFO -- User JLuke edited a product:
Original: Price - Quantity: 1234 - Location: 4321 - ID: Hdello - Market Price: 99.88 - Our Price: 76.67
Updated: New Price - Quantity: 6544 - Location: 1235 - ID: Alright Nice - Market Price: 324.99 - Our Price: 56.78
2023-12-25 18:47:30,838 INFO -- User JLuke edited a product:
Original: Product - Quantity: 12342 - Location: Test - ID: Yuofgdfdvf - Market Price: 99.99 - Our Price: 100.12
Updated: Producting - Quantity: 12342 - Location: Test - ID: Yuofgdfdvf - Market Price: 99.99 - Our Price: 100.12
2023-12-25 18:53:19,066 INFO -- User JLuke edited a product:
Original: New Price - Quantity: 6544 - Location: 1235 - ID: Alright Nice - Market Price: 324.99 - Our Price: 56.78
Updated: PleaseWork - Quantity: 3345 - Location: 2H8e - ID: Pleaseplease - Market Price: 123.45 - Our Price: 65.67
2023-12-25 18:57:35,570 INFO -- User Ynot40 edited a product:
Original: PJAFEjaagdfgfsg Helgf - Quantity: 12232 - Location: Oksd - ID: Yresafsdgvdadgdfdsfdsfdsfrg
Updated: PJAFEjaagdfgfsg Helgf - Quantity: 12232 - Location: Oksd - ID: Tesyting
2023-12-25 18:57:55,010 INFO -- User Ynot40 deleted PJAFEjaagdfgfsg Helgf with quantity: 12232  
2023-12-25 20:06:38,744 INFO -- User Ynot40 deleted PleaseWork with quantity: 3345  
2023-12-25 20:06:40,650 INFO -- User Ynot40 deleted Producting with quantity: 12342  
2023-12-25 20:06:50,696 INFO -- User Ynot40 deleted fggsd with quantity: 324  
2023-12-26 00:24:57,891 INFO -- User JLuke added a product: Seakeeper (Quantity: 324322)
2023-12-26 00:27:25,399 INFO -- User JLuke added a product: Chicken (Quantity: 324)
2023-12-26 16:45:02,423 INFO -- User Ynot40 added a product: TEbow pwet (Quantity: 243)
2023-12-26 16:45:22,611 INFO -- User Ynot40 added a product: Seakeeper 3wt4 (Quantity: 34)
2023-12-26 16:45:44,096 INFO -- User Ynot40 deleted Chicken with quantity: 324  
2023-12-26 16:46:06,646 INFO -- User Ynot40 deleted TEbow pwet with quantity: 243  
2023-12-26 16:53:57,158 INFO -- User Ynot40 edited a product:
Original: Seakeeper - Quantity: 324322 - Location: 1233 - ID: 123sdfdsf
Updated: Seakeeper - Quantity: 324322 - Location: 1233 - ID: 123sdfdsf
2023-12-26 18:27:02,845 INFO -- User Ynot40 added a product: qwertyu (Quantity: 3)
2023-12-26 19:16:45,000 INFO -- User Veronica added a product: efsfeefeqf (Quantity: 2244)
2023-12-26 19:17:18,646 INFO -- User Veronica deleted Seakeeper with quantity: 324322  
2023-12-26 19:17:21,354 INFO -- User Veronica deleted Seakeeper 3wt4 with quantity: 34  
2023-12-26 19:17:23,920 INFO -- User Veronica deleted efsfeefeqf with quantity: 2244  
2023-12-27 17:28:41,585 INFO -- User Emma added a product: Emma poop (Quantity: 213)
2023-12-27 17:29:28,558 INFO -- User Emma edited a product:
Original: qwertyu - Quantity: 3 - Location: 01-06-05-03 - ID: na
Updated: qwertyu - Quantity: 4567 - Location: 01-06-05-03 - ID: na
2023-12-27 17:29:31,582 INFO -- User Emma deleted Emma poop with quantity: 213  
2023-12-27 17:29:35,042 INFO -- User Emma deleted qwertyu with quantity: 4567  
2023-12-27 17:31:27,753 INFO -- User JLuke added a product: poopoo (Quantity: 455)
2023-12-27 17:37:10,612 INFO -- User JLuke deleted poopoo with quantity: 455  
2023-12-30 14:47:01,360 INFO -- User JLuke added a product: Testoing (Quantity: 2343)
2023-12-30 14:55:29,108 INFO -- User Ynot40 deleted Testoing with quantity: 2343  
2023-12-30 15:04:39,321 INFO -- User Ynot40 added a product: Test (Quantity: 234)
<<<<<<< HEAD
2024-01-03 11:15:45,817 INFO -- User JLuke deleted Test with quantity: 234  
2024-01-03 11:16:33,211 INFO -- User JLuke added a product: Seakeeper 3 (Quantity: 232)
2024-01-10 13:57:39,292 INFO -- User JLuke added a product: Chicken Butt (Quantity: 324)
2024-01-15 17:33:27,678 INFO -- User JLuke added a product: Testing Product (Quantity: 231)
2024-01-15 17:49:29,204 INFO -- User JLuke deleted Chicken Butt with quantity: 324  
2024-01-15 17:49:30,937 INFO -- User JLuke deleted Seakeeper 3 with quantity: 232  
2024-01-15 17:49:32,606 INFO -- User JLuke deleted Testing Product with quantity: 231  
2024-01-15 17:49:55,675 INFO -- User JLuke added a product: Test (Quantity: 23443)
2024-01-15 17:50:24,477 INFO -- User Ynot40 added a product: New Product (Quantity: 234)
2024-01-15 18:04:09,136 INFO -- User JLuke added a product: Shreya (Quantity: 825)
2024-01-16 23:07:34,288 INFO -- User JLuke added a product: TatayPwet (Quantity: 1)
2024-01-17 14:00:18,009 INFO -- User JLuke added a product: IsaacPowell (Quantity: 1)
2024-01-17 17:19:48,504 INFO -- User JLuke added a product: Emma Zverinsky (Quantity: 1)
2024-01-20 22:32:07,899 INFO -- User JLuke added a product: dsf (Quantity: 234)
2024-01-20 22:32:38,824 INFO -- User JLuke edited a product:
Original: Emma Zverinsky - Quantity: 1 - Location: Palm COa - Part Number: Silly, fun, girl - Retail: 1.0 - Cost: 199.58
Updated: Emma Zverinsky - Quantity: 1 - Location: Palm COa - Part Number: Silly, fun, girl - Retail: 1.00 - Cost: 199.58
2024-01-20 22:34:19,326 INFO -- User JLuke added a product: Tebow (Quantity: 234)
2024-01-20 22:37:38,270 INFO -- User JLuke added a product: fesdf (Quantity: 229)
2024-01-20 22:38:24,172 INFO -- User JLuke deleted New Product with quantity: 234  
2024-01-20 22:38:26,991 INFO -- User JLuke deleted fesdf with quantity: 229  
2024-01-20 22:38:29,307 INFO -- User JLuke deleted Test with quantity: 23443  
2024-01-20 22:38:31,574 INFO -- User JLuke deleted Shreya with quantity: 825  
2024-01-20 22:38:34,036 INFO -- User JLuke deleted Tebow with quantity: 234  
2024-01-20 22:38:49,210 INFO -- User JLuke added a product: sdf (Quantity: 32)
2024-01-20 22:42:57,076 INFO -- User JLuke added a product: zdvsdg (Quantity: 3232)
2024-01-20 22:43:16,637 INFO -- User JLuke added a product: Testing (Quantity: 324)
2024-01-20 22:44:03,572 INFO -- User JLuke deleted dsf with quantity: 234  
2024-01-20 22:44:06,417 INFO -- User JLuke deleted sdf with quantity: 32  
2024-01-20 22:44:33,793 INFO -- User Ynot40 added a product: fdsadsgdsgvdsagd (Quantity: 2338)
2024-01-20 22:44:47,454 INFO -- User JLuke deleted zdvsdg with quantity: 3232  
2024-01-20 22:44:48,910 INFO -- User JLuke deleted fdsadsgdsgvdsagd with quantity: 2338  
2024-01-20 22:44:50,632 INFO -- User JLuke deleted Testing with quantity: 324  
2024-01-20 23:33:08,904 INFO -- User JLuke edited a product:
Original: Emma Zverinsky - Quantity: 1 - Location: Palm COa - Part Number: Silly, fun, girl - Retail: 1.0 - Cost: 199.58
Updated: Emma Zverinsky - Quantity: 1 - Location: Palm COa - Part Number: Silly, fun, girl - Retail: 1.00 - Cost: 199.58
2024-01-20 23:33:20,530 INFO -- User JLuke edited a product:
Original: Emma Zverinsky - Quantity: 1 - Location: Palm COa - Part Number: Silly, fun, girl - Retail: 1.0 - Cost: 199.58
Updated: Emma Zverinsky - Quantity: 1 - Location: Palm COa - Part Number: Silly, fun, girl - Retail: 1.00 - Cost: 199.58
2024-01-28 16:23:42,259 INFO -- User JLuke added a product: Tebow (Quantity: 322)
2024-01-29 23:25:50,363 INFO -- User JLuke alterred Tebow's quantity from : 322 to F(quantity) + Value(0)
2024-01-29 23:28:08,422 INFO -- User JLuke alterred Tebow's quantity from : 322 to F(quantity) + Value(0)
2024-01-29 23:28:31,948 INFO -- User JLuke alterred Tebow's quantity from : 322 to F(quantity) + Value(0)
2024-01-29 23:29:23,720 INFO -- User JLuke alterred Tebow's quantity from : 322 to F(quantity) + Value(3)
2024-01-29 23:34:08,437 INFO -- User JLuke alterred Tebow's quantity from : 325 to F(quantity) + Value(6)
2024-01-29 23:34:29,898 INFO -- User JLuke alterred Tebow's quantity from : 331 to F(quantity) + Value(-3)
2024-01-29 23:35:16,327 INFO -- User JLuke alterred Tebow's quantity from : 328 to 423
2024-01-29 23:35:30,461 INFO -- User JLuke alterred Tebow's quantity from : 423 to 213
2024-01-29 23:35:45,565 INFO -- User JLuke alterred Tebow's quantity from : 213 to -179
2024-01-29 23:35:55,464 INFO -- User JLuke alterred Tebow's quantity from : -179 to 61
2024-01-29 23:36:36,768 INFO -- User JLuke alterred Emma Zverinsky's quantity from : 1 to -5
2024-01-29 23:36:46,200 INFO -- User JLuke alterred Emma Zverinsky's quantity from : -5 to -2
2024-01-29 23:36:55,318 INFO -- User JLuke alterred Emma Zverinsky's quantity from : -2 to 5
2024-02-01 14:26:01,825 INFO -- User JLuke added a product: RosBot (Quantity: -1)
2024-02-01 14:26:25,387 INFO -- User JLuke edited a product:
Original: RosBot - Quantity: -1 - Location: 123-2412-324 - Part Number: 3224wasdsad - Retail: 99.43 - Cost: 14.23
Updated: RosBot - Quantity: 2 - Location: 123-2412-324 - Part Number: 3224wasdsad - Retail: 99.43 - Cost: 14.23
2024-02-01 14:27:05,287 INFO -- User JLuke added a product: Chicken (Quantity: 1231)
2024-02-01 14:27:12,012 INFO -- User JLuke added a product: Chicken (Quantity: 1231)
2024-02-01 14:27:15,941 INFO -- User JLuke deleted Chicken with quantity: 1231  
2024-02-01 14:30:16,493 INFO -- User JLuke alterred RosBot's quantity from : 2 to 137
2024-02-01 14:30:51,856 INFO -- User JLuke alterred Chicken's quantity from : 1231 to 1364
2024-02-04 10:18:33,213 INFO -- User JLuke added a product: Mario Clock (Quantity: 332)
2024-02-04 15:59:15,714 INFO -- User Barcode alterred RosBot's quantity from : 137 to 210
2024-02-04 15:59:24,207 INFO -- User Barcode alterred Mario Clock's quantity from : 332 to 425
2024-02-04 15:59:32,302 INFO -- User Barcode alterred Tebow's quantity from : 61 to 70
2024-02-04 15:59:47,658 INFO -- User Barcode alterred TatayPwet's quantity from : 1 to 9
2024-02-04 15:59:50,786 INFO -- User Barcode alterred TatayPwet's quantity from : 9 to 12
2024-02-04 16:00:05,176 INFO -- User Barcode alterred IsaacPowell's quantity from : 1 to -92
2024-02-04 16:00:08,692 INFO -- User Barcode alterred RosBot's quantity from : 210 to 212
2024-02-04 16:00:11,806 INFO -- User Barcode alterred Emma Zverinsky's quantity from : 5 to 7
2024-02-04 16:00:17,278 INFO -- User Barcode alterred Chicken's quantity from : 1364 to 1369
2024-02-04 16:00:51,565 INFO -- User Barcode alterred Chicken's quantity from : 1369 to 1377
2024-02-04 16:00:56,788 INFO -- User Barcode alterred RosBot's quantity from : 212 to 217
2024-02-04 16:01:01,966 INFO -- User Barcode alterred Chicken's quantity from : 1377 to 1384
2024-02-04 16:01:07,449 INFO -- User Barcode alterred Mario Clock's quantity from : 425 to 465
2024-02-04 16:57:31,222 INFO -- User Barcode alterred Tebow's quantity from : 70 to 110
2024-02-04 16:57:38,107 INFO -- User Barcode alterred Mario Clock's quantity from : 465 to 466
2024-02-04 16:57:42,921 INFO -- User Barcode alterred RosBot's quantity from : 217 to 219
2024-02-04 16:57:45,778 INFO -- User Barcode alterred TatayPwet's quantity from : 12 to 12
2024-02-04 16:57:49,576 INFO -- User Barcode alterred IsaacPowell's quantity from : -92 to -92
2024-02-04 16:57:52,246 INFO -- User Barcode alterred Chicken's quantity from : 1384 to 1384
2024-02-04 16:58:06,576 INFO -- User Barcode alterred Chicken's quantity from : 1384 to 1384
2024-02-04 16:58:25,043 INFO -- User Barcode alterred Chicken's quantity from : 1384 to 1384
2024-02-04 16:58:34,654 INFO -- User Barcode alterred Chicken's quantity from : 1384 to 1384
2024-02-04 16:58:49,488 INFO -- User Barcode alterred Chicken's quantity from : 1384 to 1384
2024-02-04 16:59:07,264 INFO -- User Barcode alterred IsaacPowell's quantity from : -92 to -87
2024-02-04 17:04:31,345 INFO -- User Barcode alterred Tebow's quantity from : 110 to 133
2024-02-04 17:04:44,594 INFO -- User Barcode alterred Emma Zverinsky's quantity from : 7 to 10
2024-02-04 17:04:52,123 INFO -- User Barcode alterred Mario Clock's quantity from : 466 to 468
2024-02-04 17:05:28,295 INFO -- User Barcode alterred Chicken's quantity from : 1384 to 1388
2024-02-16 23:48:26,187 INFO -- User Ynot40 added a product: Skibidi (Quantity: 324)
2024-02-16 23:58:35,758 INFO -- User Ynot40 alterred Skibidi's quantity from : 324 to 330
2024-02-17 00:33:13,953 INFO -- User Ynot40 alterred Skibidi's quantity from : 330 to 336
2024-02-17 00:35:16,417 INFO -- User Ynot40 alterred Skibidi's quantity from : 336 to 340
2024-02-17 00:35:40,085 INFO -- User Ynot40 alterred Skibidi's quantity from : 340 to 342
2024-02-17 00:37:21,761 INFO -- User Ynot40 alterred Skibidi's quantity from : 342 to 337
2024-02-17 00:42:24,002 INFO -- User Ynot40 alterred Skibidi's quantity from : 337 to 334
2024-02-17 00:43:01,423 INFO -- User Ynot40 alterred Skibidi's quantity from : 334 to 244
2024-02-17 00:43:17,067 INFO -- User Ynot40 alterred Skibidi's quantity from : 244 to 0
2024-02-17 00:49:00,278 INFO -- User Ynot40 alterred Skibidi's quantity from : 0 to 6
2024-02-17 12:15:49,793 INFO -- User Ynot40 alterred Skibidi's quantity from : 6 to 13
2024-02-17 12:19:24,549 INFO -- User Ynot40 alterred Skibidi's quantity from : 13 to 15
2024-02-17 12:21:03,438 INFO -- User Ynot40 alterred Skibidi's quantity from : 15 to 65
2024-02-17 12:22:49,894 INFO -- User Ynot40 alterred Skibidi's quantity from : 65 to 95
2024-02-17 12:25:16,331 INFO -- User Ynot40 alterred Mario Clock's quantity from : 468 to 471
2024-02-17 12:25:59,040 INFO -- User Ynot40 alterred TatayPwet's quantity from : 12 to 14
2024-02-17 12:28:48,375 INFO -- User JLuke added a product: Seakeeper 4 (Quantity: 33)
2024-02-17 12:30:16,466 INFO -- User Ynot40 alterred Seakeeper 4's quantity from : 33 to 47
2024-02-23 11:31:16,255 INFO -- User JLuke added a product: Slave - Josiah (Quantity: 1)
2024-02-23 11:32:03,067 INFO -- User JLuke deleted Slave - Josiah with quantity: 1  
2024-02-23 23:21:14,394 INFO -- User Ynot40 alterred Chicken's quantity from : 1388 to 1390
2024-02-23 23:21:30,597 INFO -- User Ynot40 alterred Emma Zverinsky's quantity from : 10 to 13
2024-02-23 23:21:48,167 INFO -- User Ynot40 alterred IsaacPowell's quantity from : -87 to 0
2024-02-23 23:21:58,545 INFO -- User Ynot40 alterred Mario Clock's quantity from : 471 to 479
2024-02-23 23:24:03,033 INFO -- User Ynot40 alterred Chicken's quantity from : 1390 to 1430
2024-02-23 23:24:17,798 INFO -- User Ynot40 alterred Emma Zverinsky's quantity from : 13 to 3
2024-02-23 23:24:35,745 INFO -- User Ynot40 alterred Mario Clock's quantity from : 479 to 480
2024-02-23 23:26:24,071 INFO -- User Ynot40 alterred IsaacPowell's quantity from : 0 to 5
2024-02-23 23:29:23,929 INFO -- User Ynot40 alterred IsaacPowell's quantity from : 5 to 10
2024-02-24 00:03:23,398 INFO -- Inventory Technician Ynot40 edited a product:
Original: Chicken - Quantity: 1430 - Location: aefaf213 - Part Number: wqrqwef
Updated: aefaf213 - Test test lots Test test lotsTest test lotsTest test lotsTest test lotsTest test lotsTest test lotsTest test lotsTest test lotsTest test lotsTest test
2024-02-24 00:03:27,386 INFO -- Inventory Technician Ynot40 edited a product:
Original: Skibidi - Quantity: 95 - Location: 32432wef - Part Number: 324df
Updated: 32432wef - Just a thing for testing
2024-02-24 00:03:41,714 INFO -- Inventory Technician Ynot40 edited a product:
Original: TatayPwet - Quantity: 14 - Location: Bathroom - Part Number: Jets
Updated: Bathroom - Description of product
2024-02-24 00:13:04,485 INFO -- Inventory Technician Ynot40 edited a product:
Original: Chicken - Quantity: 1430 - Location: aefaf213 - Part Number: wqrqwef
Updated: aefaf213 - Test test lots Test test lotsTest test lotsTest test lotsTest test lotsTest test lotsTest test lotsTest test lotsTest test lotsTest test lotsTest test
=======
2024-01-02 15:11:17,233 INFO -- User JLuke added a product: Tesyinggg (Quantity: 34)
2024-01-02 16:14:29,094 INFO -- User Gmatsikh added a product: Seakeeeper (Quantity: 456)
2024-01-02 16:16:58,869 INFO -- User Gmatsikh added a product: xfgdgrf (Quantity: 435)
2024-01-02 16:20:16,398 INFO -- User Gmatsikh added a product: Creating (Quantity: 45)
>>>>>>> f180dbe9a33e929b30279befa2ae36dba28f1acc
2024-02-28 16:53:09,467 INFO -- User JLuke added a product: <. aefoh 329hdafoj j! ! ? dsoifh (Quantity: 23)
2024-02-29 23:08:54,253 INFO -- User JLuke added a product: Skibititidubdubdubyesye (Quantity: 123)
2024-02-29 23:11:08,551 INFO -- User JLuke edited a product:
Original: <. aefoh 329hdafoj j! ! ? dsoifh - Quantity: 23 - Location: erw - Part Number: 32342 - Retail: 12.22 - Cost: 23.33
Updated: testingggg - Quantity: 23 - Location: erw - Part Number: 32342 - Retail: 12.22 - Cost: 23.33
2024-03-04 16:17:51,886 INFO -- User JLuke added a product: ORganic 30g protein (Quantity: 34)
2024-03-04 16:28:00,820 INFO -- User JLuke edited a product:
Original: ORganic 30g protein - Quantity: 34 - Location: 3434-42-342 - Part Number: YTeow001 - Retail: 33.33 - Cost: 33.33
Updated: Organic-30g-Protein - Quantity: 34 - Location: 3434-42-342 - Part Number: YTeow001 - Retail: 33.33 - Cost: 33.33
2024-03-04 17:28:40,140 INFO -- User JLuke edited a product:
Original: Organic-30g-Protein - Quantity: 34 - Location: 3434-42-342 - Part Number: YTeow001 - Retail: 33.33 - Cost: 33.33
Updated: Organic-30g-Protein - Quantity: 34 - Location: 3434-42-34 - Part Number: YTeow001 - Retail: 33.33 - Cost: 33.33
2024-03-04 17:29:10,774 INFO -- User JLuke edited a product:
Original: Organic-30g-Protein - Quantity: 34 - Location: 3434-42-34 - Part Number: YTeow001 - Retail: 33.33 - Cost: 33.33
Updated: Organic-30g-Protein - Quantity: 24 - Location: 3434-42-34 - Part Number: YTeow001 - Retail: 33.33 - Cost: 33.33
2024-03-04 17:29:27,087 INFO -- User JLuke edited a product:
Original: Organic-30g-Protein - Quantity: 24 - Location: 3434-42-34 - Part Number: YTeow001 - Retail: 33.33 - Cost: 33.33
Updated: Organic-30g-Protein - Quantity: 24 - Location: 3434-42-34 - Part Number: YTeow00134 - Retail: 33.33 - Cost: 33.33
2024-03-04 17:45:07,206 INFO -- User JLuke edited a product:
Original: Chicken - Quantity: 1430 - Location: aefaf213 - Part Number: wqrqwef - Retail: 33.44 - Cost: 0.0
Updated: Chicken!! - Quantity: 1430 - Location: aefaf213 - Part Number: wqrqwef - Retail: 33.44 - Cost: 0.00
2024-03-04 17:45:34,731 INFO -- User JLuke edited a product:
Original: Emma Zverinsky - Quantity: 3 - Location: Palm COa - Part Number: Silly, fun, girl - Retail: 1.0 - Cost: 199.58
Updated: Emma Zverinsky:ppp - Quantity: 3 - Location: Palm COa - Part Number: Silly, fun, girl - Retail: 1.00 - Cost: 199.58
2024-03-04 17:45:41,804 INFO -- User JLuke edited a product:
Original: Mario Clock - Quantity: 480 - Location: 123235243442342343 - Part Number: !349354 - Retail: 99.99 - Cost: 32.55
Updated: Mario ClockCoc - Quantity: 480 - Location: 123235243442342343 - Part Number: !349354 - Retail: 99.99 - Cost: 32.55
2024-03-04 17:45:49,350 INFO -- User JLuke edited a product:
Original: TatayPwet - Quantity: 14 - Location: Bathroom - Part Number: Jets - Retail: 99.99 - Cost: 100.99
Updated: TatayPwetTTT - Quantity: 14 - Location: Bathroom - Part Number: Jets - Retail: 99.99 - Cost: 100.99
2024-03-04 17:45:58,622 INFO -- User JLuke edited a product:
Original: Tebow - Quantity: 133 - Location: 32rdf - Part Number: 324 - Retail: 0.0 - Cost: 0.03
Updated: Tebow Yh bio - Quantity: 133 - Location: 32rdf - Part Number: 324 - Retail: 0.00 - Cost: 0.03
2024-03-04 17:46:07,802 INFO -- User JLuke edited a product:
Original: testingggg - Quantity: 23 - Location: erw - Part Number: 32342 - Retail: 12.22 - Cost: 23.33
Updated: testinggggAlrighttt - Quantity: 23 - Location: erw - Part Number: 32342 - Retail: 12.22 - Cost: 23.33
2024-03-04 17:46:14,895 INFO -- User JLuke edited a product:
Original: Seakeeper 4 - Quantity: 47 - Location: 776-23df - Part Number: 3r32 - Retail: 33.44 - Cost: 234.43
Updated: Seakeeper 4osdif - Quantity: 47 - Location: 776-23df - Part Number: 3r32 - Retail: 33.44 - Cost: 234.43
2024-03-20 17:11:26,340 INFO -- User JLuke alterred testinggggAlrighttt's quantity from : 23 to 26
2024-03-20 17:12:52,394 INFO -- User JLuke alterred Mario ClockCoc's quantity from : 480 to 485
2024-03-20 17:13:41,420 INFO -- User JLuke alterred Mario ClockCoc's quantity from : 485 to 487
2024-03-20 17:14:30,954 INFO -- User JLuke alterred Mario ClockCoc's quantity from : 487 to 490
2024-03-20 17:18:10,099 INFO -- User JLuke alterred Mario ClockCoc's quantity from : 490 to 494
2024-04-07 23:36:40,639 INFO -- Inventory Technician Tebow2 edited a product:
Original: Chicken!! - Quantity: 1430 - Location: aefaf213 - Part Number: wqrqwef
Updated: aefaf21333 - Test test lots Test test lotsTest test lotsTest test lotsTest test lotsTest test lotsTest test lotsTest test lotsTest test lotsTest test lotsTest test
2024-04-09 14:34:39,355 INFO -- User Ynot40 alterred Emma Zverinsky:ppp's quantity from : 3 to -1
2024-04-09 14:36:22,498 INFO -- User Ynot40 alterred Emma Zverinsky:ppp's quantity from : -1 to -5
2024-04-09 14:37:51,509 INFO -- User Ynot40 alterred Emma Zverinsky:ppp's quantity from : -5 to -3
2024-04-09 14:38:19,107 INFO -- User Ynot40 alterred Emma Zverinsky:ppp's quantity from : -3 to -1
2024-04-09 14:38:26,093 INFO -- User Ynot40 alterred Emma Zverinsky:ppp's quantity from : -1 to 1
2024-04-09 14:38:55,778 INFO -- User Ynot40 alterred Emma Zverinsky:ppp's quantity from : 1 to 3
2024-04-09 14:42:42,767 INFO -- User Ynot40 alterred Emma Zverinsky:ppp's quantity from : 3 to 4
2024-04-09 14:46:33,557 INFO -- User Ynot40 alterred Emma Zverinsky:ppp's quantity from : 4 to 5
2024-04-09 14:46:56,102 INFO -- User Ynot40 alterred Emma Zverinsky:ppp's quantity from : 5 to -1
2024-04-09 14:48:10,251 INFO -- User Ynot40 alterred Emma Zverinsky:ppp's quantity from : -1 to 5
2024-04-09 14:49:38,054 INFO -- User Ynot40 alterred Emma Zverinsky:ppp's quantity from : 5 to -2
2024-04-09 14:54:23,171 INFO -- User JLuke alterred Skibidi's quantity from : 95 to 97
2024-04-09 14:55:14,348 INFO -- User JLuke alterred Skibidi's quantity from : 97 to -57
Reason: I wanty to steal lol
2024-04-09 14:58:42,396 INFO -- User JLuke edited a product:
Original: Chicken!! - Quantity: 1430 - Location: aefaf21333 - Part Number: wqrqwef - Retail: 33.44 - Cost: 0.0
Updated: Chicken!! - Quantity: 1430 - Location: aefaf21333 - Part Number: wqrqwef - Retail: None - Cost: 0.00
2024-04-09 14:59:11,176 INFO -- User JLuke added a product: POOP (Quantity: 29)
2024-04-09 14:59:29,622 INFO -- User JLuke edited a product:
Original: POOP - Quantity: 29 - Location: FGAF - Part Number: AGSFR3 - Retail: 2.0 - Cost: 4.0
Updated: POOP - Quantity: 29 - Location: FGAF - Part Number: AGSFR3 - Retail: -0.14 - Cost: 4.00
2024-04-09 15:50:32,305 INFO -- User JLuke alterred Emma Zverinsky:ppp's quantity from : -2 to 1
Reason: Switch it back to normal
2024-04-09 15:51:00,494 INFO -- User JLuke alterred Skibidi's quantity from : -57 to -55
Reason: Chickenpoop
2024-04-09 15:51:28,728 INFO -- User JLuke alterred Skibidi's quantity from : -55 to 2
Reason: Get it bavk to normal
2024-04-09 15:57:44,664 INFO -- User JLuke added a product: Manav (INsertLAstName) (Quantity: 1)
2024-04-09 15:59:11,770 INFO -- User JLuke added a product: Josiah Sexy (Quantity: 1)
2024-04-09 16:05:02,646 INFO -- User JLuke alterred Skibidi's quantity from : 2 to 9
Reason: Testing shit
2024-04-09 16:05:13,610 INFO -- User JLuke alterred Skibidi's quantity from : 9 to -4
Reason: decrement
2024-04-09 16:05:47,599 INFO -- User JLuke alterred Skibidi's quantity from : -4 to -6
Reason: No non
2024-04-09 16:06:37,513 INFO -- User JLuke alterred Emma Zverinsky:ppp's quantity from : 1 to 0
Reason: Chickejenenennesdnlaksdmadpkas[d[pasd poop
2024-04-09 18:57:13,828 INFO -- User JLuke alterred Emma Zverinsky:ppp's quantity from : 0 to 1
Reason: Poop
2024-04-09 18:57:48,051 INFO -- User JLuke alterred Emma Zverinsky:ppp's quantity from : 1 to -2
Reason: Lol i hate em
2024-04-20 00:09:18,869 INFO -- User JLuke added a product: 123 (Quantity: 23)
2024-04-20 00:13:01,140 INFO -- User JLuke edited a product:
Original: 123 - Quantity: 23 - Location: 123 - Part Number: 3423DHD:_ - Retail: 123.0 - Cost: 3.0
Updated: 123 - Quantity: 23 - Location: 123 - Part Number: 3423DHD:_ - Retail: 123.00 - Cost: 3.00
2024-04-20 00:13:13,385 INFO -- User JLuke edited a product:
Original: A new awesome1224#?@2 prodict - Quantity: 32 - Location: 23442qw - Part Number: 3423DHD - Retail: 234.34 - Cost: 12.24
Updated: A new awesome1224#?@2 prodict - Quantity: 32 - Location: 23442qw - Part Number: 3423DHD - Retail: 234.34 - Cost: 12.24
2024-04-20 00:13:42,755 INFO -- User JLuke added a product: 213dassa (Quantity: -9342)
2024-04-20 00:16:49,865 INFO -- User JLuke edited a product:
Original: 123 - Quantity: 23 - Location: 123 - Part Number: 3423DHD:_ - Retail: 123.0 - Cost: 3.0
Updated: 123 - Quantity: 23 - Location: 123 - Part Number: 3423DHD:_ - Retail: 123.00 - Cost: 3.00
2024-04-20 00:16:59,802 INFO -- User JLuke edited a product:
Original: Skibidi - Quantity: -6 - Location: 32432wef - Part Number: 324df - Retail: 0.0 - Cost: 0.0
Updated: Skibidi - Quantity: -6 - Location: 32432wef - Part Number: 324df - Retail: 0.00 - Cost: 0.00
2024-04-20 00:17:15,132 INFO -- User JLuke edited a product:
Original: TatayPwetTTT - Quantity: 14 - Location: Bathroom - Part Number: Jets - Retail: 99.99 - Cost: 100.99
Updated: TatayPwetTTT - Quantity: 14 - Location: Bathroom - Part Number: Jets - Retail: 99.99 - Cost: 100.99
2024-04-20 00:47:34,829 INFO -- Inventory Technician Ynot40 edited a product:
Original: 213dassa - Quantity: -9342 - Location: 1sdf - Part Number: ewrwtf
Updated: Chickenn - grata
2024-04-26 14:50:10,979 INFO -- User Tebow added a product: CHucjken (Quantity: 22)
2024-04-26 14:51:19,289 INFO -- User Tebow added a product: ffhh (Quantity: 34)
2024-04-26 14:51:34,416 INFO -- User Tebow edited a product:
Original: CHucjken - Quantity: 22 - Location: ty - Part Number: 1234 - Retail: 22.0 - Cost: 3.0
Updated: CHucjken - Quantity: 22 - Location: ty - Part Number: 1234 - Retail: 22.00 - Cost: 3.00
2024-04-26 14:56:01,069 INFO -- User Tebow added a product: bfvkdbfgds (Quantity: 45)
2024-04-26 14:57:10,638 INFO -- User Tebow edited a product:
Original: bfvkdbfgds - Quantity: 45 - Location: dsg - Part Number: 34534fd - Retail: 45.0 - Cost: 55.0
Updated: bfvkdbfgds - Quantity: 45 - Location: dsg - Part Number: 34534fd3467823478623 - Retail: 45.00 - Cost: 55.00
2024-04-26 14:57:29,349 INFO -- User Tebow edited a product:
Original: ffhh - Quantity: 34 - Location: 1234 - Part Number: 12345 - Retail: 4.0 - Cost: 4.0
Updated: ffhh - Quantity: 34 - Location: 12345 - Part Number: 12345 - Retail: 4.00 - Cost: 4.00
2024-04-26 14:57:45,556 INFO -- User Tebow edited a product:
Original: CHucjken - Quantity: 22 - Location: ty - Part Number: 1234 - Retail: 22.0 - Cost: 3.0
Updated: CHucjken - Quantity: 22 - Location: ty - Part Number: 123456 - Retail: 22.00 - Cost: 3.00
2024-04-26 15:02:30,148 INFO -- User Tebow added a product: Emma is awesome (Quantity: 1)
2024-05-06 17:11:07,012 INFO -- User Ynot40 added a product: dweq (Quantity: 23)
2024-05-06 17:13:24,522 INFO -- User Ynot40 deleted dweq with quantity: 23  
